// Jest Snapshot v1, https://goo.gl/fbAQLP

exports[`should render ConfirmedCases 1`] = `
<div>
  <div
    class="MuiPaper-root MuiCard-root card confirmed MuiPaper-elevation1 MuiPaper-rounded"
  >
    <div
      class="MuiCardContent-root"
    >
      <p
        class="MuiTypography-root MuiTypography-body1"
        style="font-size: 3rem;"
      >
        <span
          aria-label="sick emoji"
          role="img"
        >
          ??
        </span>
      </p>
      <p
        class="MuiTypography-root MuiTypography-body1 MuiTypography-colorTextSecondary MuiTypography-gutterBottom"
      >
        Confirmed Cases
      </p>
      <h5
        class="MuiTypography-root MuiTypography-h5 MuiTypography-gutterBottom"
      >
        <span>
          0
        </span>
      </h5>
      <p
        class="MuiTypography-root MuiTypography-body1"
      >
        <b>
          Population
           Rate:
        </b>
         
        1.00 %
      </p>
      <p
        class="MuiTypography-root MuiTypography-body1 MuiTypography-colorTextSecondary"
      >
        Tue Apr 28 2020
      </p>
    </div>
  </div>
</div>
`;
