// Jest Snapshot v1, https://goo.gl/fbAQLP

exports[`should render ConfirmedCases 1`] = `
<div>
  <div
    class="MuiGrid-root container MuiGrid-container MuiGrid-justify-xs-center"
  >
    <div
      class="MuiPaper-root MuiCard-root MuiGrid-root MuiGrid-item MuiGrid-grid-xs-10 MuiPaper-elevation1 MuiPaper-rounded"
    >
      <div
        class="MuiCardContent-root"
      >
        <p
          class="MuiTypography-root MuiTypography-body2"
        >
          <canvas
            height="150"
            width="300"
          />
        </p>
      </div>
    </div>
  </div>
</div>
`;
